   Γû▓ Next.js 15.5.9
   - Environments: .env.local

   Creating an optimized production build ...
 Γ£ô Compiled successfully in 2.3s
   Linting and checking validity of types ...

Failed to compile.

./app/(home)/components/Contact.tsx
8:10  Error: 'IconCheck' is defined but never used.  @typescript-eslint/no-unused-vars

./app/(home)/components/Projects.tsx
8:10  Error: 'cn' is defined but never used.  @typescript-eslint/no-unused-vars
111:66  Error: Comments inside children section of tag should be placed inside braces  react/jsx-no-comment-textnodes

./app/(home)/components/Skills.tsx
8:17  Error: 'SiC' is defined but never used.  @typescript-eslint/no-unused-vars
8:35  Error: 'SiDjango' is defined but never used.  @typescript-eslint/no-unused-vars
8:56  Error: 'SiMongodb' is defined but never used.  @typescript-eslint/no-unused-vars

./app/not-found.tsx
57:24  Error: `'` can be escaped with `&apos;`, `&lsquo;`, `&#39;`, `&rsquo;`.  react/no-unescaped-entities

./app/setup/projects/page.tsx
16:10  Error: 'config' is defined but never used.  @typescript-eslint/no-unused-vars

./components/ui/DecryptedText.tsx
15:12  Error: 'isAnimating' is assigned a value but never used.  @typescript-eslint/no-unused-vars
27:8  Warning: React Hook useEffect has a missing dependency: 'startAnimation'. Either include it or remove the dependency array.  react-hooks/exhaustive-deps

./components/ui/Loader.tsx
3:18  Error: 'AnimatePresence' is defined but never used.  @typescript-eslint/no-unused-vars

./components/ui/SystemLog.tsx
3:10  Error: 'motion' is defined but never used.  @typescript-eslint/no-unused-vars
3:18  Error: 'AnimatePresence' is defined but never used.  @typescript-eslint/no-unused-vars
7:11  Error: 'logRef' is assigned a value but never used.  @typescript-eslint/no-unused-vars
17:60  Error: Unexpected any. Specify a different type.  @typescript-eslint/no-explicit-any

./components/ui/SystemToaster.tsx
25:40  Error: Unexpected any. Specify a different type.  @typescript-eslint/no-explicit-any

./components/ui/ViewportHUD.tsx
56:38  Error: Comments inside children section of tag should be placed inside braces  react/jsx-no-comment-textnodes

./lib/social.ts
2:10  Error: 'FaPenNib' is defined but never used.  @typescript-eslint/no-unused-vars

./lib/updateProject.ts
28:27  Error: Unexpected any. Specify a different type.  @typescript-eslint/no-explicit-any

info  - Need to disable some ESLint rules? Learn more here: https://nextjs.org/docs/app/api-reference/config/eslint#disabling-rules
